[backblue.gif]
[fade.gif]
[index.html]
[www.banesconline.com/mantis/Website/Images/favicon.ico]
[www.banesconline.com/mantis/Website/Images/Banesco-iconos latin/StylesheetIcon.css]
[www.banesconline.com/mantis/Website/App_Themes/TemaBanesco/TemaBanesco.css]
[www.banesconline.com/Mantis/WebSite/Shared/banesco.js]
[www.banesconline.com/mantis/Website/Images/logo_BanescOnline.png]
[www.banesconline.com/mantis/Website/Images/GESTION-DE-CLAVES4.png]
[www.banesconline.com/mantis/Website/Images/Sitio_Seguro.png]
[www.banesconline.com/mantis/WebSite/Includes/sweet/sweetalert2.css]
[www.banesconline.com/mantis/WebSite/Includes/sweet/sweetalert2.js]
[www.banesconline.com/mantis/Website/Login.html]
[www.banesconline.com/mantis/Website/Images/Banesco-iconos latin/fonts/banesco-iconos.eot]
[www.banesconline.com/mantis/Website/Images/Banesco-iconos latin/fonts/banesco-iconosd41d.eot]
[www.banesconline.com/mantis/Website/Images/Banesco-iconos latin/fonts/banesco-iconos.woff]
[www.banesconline.com/mantis/Website/Images/Banesco-iconos latin/fonts/banesco-iconos.ttf]
[www.banesconline.com/mantis/Website/Images/Banesco-iconos latin/StylesheetIcon.css]
[www.banesconline.com/mantis/Website/Images/int_up.gif]
[www.banesconline.com/mantis/Website/Images/arrowmenu.png]
[www.banesconline.com/mantis/Website/Images/arrowExpanded.png]
[www.banesconline.com/mantis/Website/Images/arrowmenuSelect.png]
[www.banesconline.com/mantis/Website/Images/arrowmenu_hover.png]
[www.banesconline.com/mantis/Website/Images/sel_parent.gif]
[www.banesconline.com/mantis/Website/Images/secondparent.gif]
[www.banesconline.com/mantis/Website/Images/esq_white_inf.gif]
[www.banesconline.com/mantis/Website/Images/pagination.png]
[www.banesconline.com/mantis/Website/Images/img-flechas-grandes.png]
[www.banesconline.com/mantis/Website/App_Themes/TemaBanesco/TemaBanesco.css]
[www.banesconline.com/Mantis/WebSite/Images/favicon-2.ico]
[www.banesconline.com/Mantis/WebSite/Images/Banesco-iconos latin/StylesheetIcon-2.css]
[www.banesconline.com/Mantis/WebSite/App_Themes/TemaBanesco/TemaBanesco-2.css]
[www.banesconline.com/Mantis/WebSite/Images/logo_BanescOnline-2.png]
[www.banesconline.com/Mantis/Website/Images/GESTION-DE-CLAVES4-2.png]
[www.banesconline.com/Mantis/Website/Images/Sitio_Seguro-2.png]
[www.banesconline.com/Mantis/WebSite/Includes/sweet/sweetalert2-2.css]
[www.banesconline.com/Mantis/WebSite/Includes/sweet/sweetalert2-2.js]
[www.banesconline.com/Mantis/WebSite/login-2.html]
[www.banesconline.com/mantis/Website/GESTION-DE-CLAVES4.html]
[www.banesconline.com/mantis/Website/CAU/Imagenes/Banesco-iconos latin/StylesheetIcon.css]
[www.banesconline.com/mantis/Website/CAU/Imagenes/candado_seguridad.gif]
[www.banesconline.com/mantis/Website/CAU/Ayudas/sitio_seguro_banesconline.html]
[www.banesconline.com/mantis/Website/Sitio_Seguro.html]
[www.banesconline.com/mantis/WebSite/Includes/sweet/sweetalert2.css]
[www.banesconline.com/mantis/Website/CAU/Includes/estilos.css]
[www.banesconline.com/mantis/Website/CAU/Includes/scripts.js]
[www.banesconline.com/mantis/Website/CAU/Includes/servicios_electronicos.js]
[www.banesconline.com/mantis/Website/CAU/Includes/TracePrint.js]
[www.banesconline.com/mantis/Website/CAU/Includes/sweet/sweetalert2.css]
[www.banesconline.com/mantis/Website/shared/jquery-1.12.4.min.js]
[www.banesconline.com/mantis/Website/CAU/Includes/sweet/sweetalert2.js]
[www.banesconline.com/mantis/Website/CAU/Includes/style01mantis.css]
[banesco-prod-2019.s3.amazonaws.com/wp-content/uploads/banner-bol.png]
[www.banesconline.com/mantis/Website/Images/logo.png]
[www.banesconline.com/mantis/Website/CAU/inicio/LoginDNAbe24.html]
[www.banesconline.com/mantis/Website/Images/Banesco-iconos latin/fonts/banesco-iconos.svg]
[www.banesconline.com/mantis/Website/App_Themes/TemaBanesco/Images/bottom.html]
[www.banesconline.com/Mantis/WebSite/Images/Banesco-iconos latin/fonts/banesco-iconos-2.eot]
[www.banesconline.com/Mantis/WebSite/Images/Banesco-iconos latin/fonts/banesco-iconosd41d-2.eot]
[www.banesconline.com/Mantis/WebSite/Images/Banesco-iconos latin/fonts/banesco-iconos-2.woff]
[www.banesconline.com/Mantis/WebSite/Images/Banesco-iconos latin/fonts/banesco-iconos-2.ttf]
[www.banesconline.com/Mantis/WebSite/Images/Banesco-iconos latin/StylesheetIcon-2.css]
[www.banesconline.com/Mantis/WebSite/Images/int_up-2.gif]
[www.banesconline.com/Mantis/WebSite/Images/arrowmenu-2.png]
[www.banesconline.com/Mantis/WebSite/Images/arrowExpanded-2.png]
[www.banesconline.com/Mantis/WebSite/Images/arrowmenuSelect-2.png]
[www.banesconline.com/Mantis/WebSite/Images/arrowmenu_hover-2.png]
[www.banesconline.com/Mantis/WebSite/Images/sel_parent-2.gif]
[www.banesconline.com/Mantis/WebSite/Images/secondparent-2.gif]
[www.banesconline.com/Mantis/WebSite/Images/esq_white_inf-2.gif]
[www.banesconline.com/Mantis/WebSite/Images/pagination-2.png]
[www.banesconline.com/Mantis/WebSite/Images/img-flechas-grandes-2.png]
[www.banesconline.com/Mantis/WebSite/App_Themes/TemaBanesco/TemaBanesco-2.css]
[www.banesconline.com/Mantis/WebSite/GESTION-DE-CLAVES4-2.html]
[www.banesconline.com/Mantis/Website/CAU/Imagenes/Banesco-iconos latin/StylesheetIcon-2.css]
[www.banesconline.com/Mantis/Website/CAU/Imagenes/candado_seguridad-2.gif]
[www.banesconline.com/Mantis/Website/CAU/Ayudas/sitio_seguro_banesconline-2.html]
[www.banesconline.com/Mantis/WebSite/Sitio_Seguro-2.html]
[www.banesconline.com/Mantis/WebSite/Includes/sweet/sweetalert2-2.css]
[www.banesconline.com/Mantis/WebSite/CAU/Imagenes/Banesco-iconos latin/StylesheetIcon-3.css]
[www.banesconline.com/Mantis/WebSite/CAU/Includes/estilos-2.css]
[www.banesconline.com/Mantis/WebSite/CAU/Includes/scripts-2.js]
[www.banesconline.com/Mantis/WebSite/CAU/Includes/servicios_electronicos-2.js]
[www.banesconline.com/Mantis/WebSite/CAU/Includes/TracePrint-2.js]
[www.banesconline.com/Mantis/WebSite/CAU/Includes/sweet/sweetalert2-2.css]
[www.banesconline.com/Mantis/WebSite/shared/jquery-1.12.4.min-2.js]
[www.banesconline.com/Mantis/WebSite/CAU/Includes/sweet/sweetalert2-2.js]
[www.banesconline.com/Mantis/WebSite/CAU/Includes/style01mantis-2.css]
[www.banesconline.com/Mantis/WebSite/Images/logo-2.png]
[www.banesconline.com/Mantis/WebSite/CAU/inicio/LoginDNAbe24-2.html]
[www.banesconline.com/mantis/Website/CAU/Imagenes/vineta_amarilla.gif]
[www.banesconline.com/mantis/Website/CAU/Imagenes/backg_tit_verde_ayuda.gif]
[www.banesconline.com/mantis/Website/CAU/Includes/eestilos.css]
[www.banesconline.com/mantis/Website/CAU/Imagenes/Banesco-iconos latin/fonts/banesco-iconos.eot]
[www.banesconline.com/mantis/Website/CAU/Imagenes/Banesco-iconos latin/fonts/banesco-iconosd41d.eot]
[www.banesconline.com/mantis/Website/CAU/Imagenes/Banesco-iconos latin/fonts/banesco-iconos.woff]
[www.banesconline.com/mantis/Website/CAU/Imagenes/Banesco-iconos latin/fonts/banesco-iconos.ttf]
[www.banesconline.com/mantis/Website/CAU/Imagenes/Banesco-iconos latin/StylesheetIcon.css]
[www.banesconline.com/mantis/Website/CAU/Imagenes/generales/img_triangulo-up.gif]
[www.banesconline.com/mantis/Website/CAU/Imagenes/generales/img_triangulo-down.gif]
[www.banesconline.com/mantis/Website/CAU/Imagenes/generales/cudrado-azul.gif]
[www.banesconline.com/mantis/Website/CAU/Imagenes/generales/cudrado-blanco.gif]
[www.banesconline.com/mantis/Website/CAU/Imagenes/generales/bulet.gif]
[www.banesconline.com/mantis/Website/CAU/Imagenes/generales/interrogacion_up.gif]
[www.banesconline.com/mantis/Website/CAU/Imagenes/generales/interrogacion1.1.gif]
[www.banesconline.com/mantis/Website/CAU/Imagenes/generales/visible.png]
[www.banesconline.com/mantis/Website/CAU/Imagenes/generales/visible-0.png]
[www.banesconline.com/mantis/Website/CAU/imagenes/generales/icono_vineta_roja.gif]
[www.banesconline.com/mantis/Website/CAU/Includes/estilos.css]
[www.banesconline.com/mantis/Website/CAU/Includes/sweet/sweetalert2.css]
[www.banesconline.com/mantis/Website/CAU/imagenes/generales/img_right.gif]
[www.banesconline.com/mantis/Website/CAU/Includes/style01mantis.css]
[www.banesconline.com/mantis/Website/CAU/Includes/style_menu01mantis.css]
[www.banesconline.com/mantis/Website/CAU/Afiliacion/Contratobe24.html]
[www.banesconline.com/mantis/Website/CAU/Ayudas/usuario_banesconline.html]
[www.banesconline.com/mantis/Website/CAU/Imagenes/Generales/img_right-2.gif]
[www.banesconline.com/mantis/Website/CAU/OlvidoUsrCla/AU_SelOlvbe24.html]
[www.banesconline.com/Mantis/WebSite/Images/Banesco-iconos latin/fonts/banesco-iconos-2.svg]
[www.banesconline.com/Mantis/WebSite/App_Themes/TemaBanesco/Images/bottom-2.html]
[www.banesconline.com/Mantis/Website/CAU/Imagenes/vineta_amarilla-2.gif]
[www.banesconline.com/Mantis/Website/CAU/Imagenes/backg_tit_verde_ayuda-2.gif]
[www.banesconline.com/Mantis/Website/CAU/Includes/eestilos-2.css]
[www.banesconline.com/Mantis/Website/CAU/Imagenes/Banesco-iconos latin/fonts/banesco-iconos-2.eot]
[www.banesconline.com/Mantis/Website/CAU/Imagenes/Banesco-iconos latin/fonts/banesco-iconosd41d-2.eot]
[www.banesconline.com/Mantis/Website/CAU/Imagenes/Banesco-iconos latin/fonts/banesco-iconos-2.woff]
[www.banesconline.com/Mantis/Website/CAU/Imagenes/Banesco-iconos latin/fonts/banesco-iconos-2.ttf]
[www.banesconline.com/Mantis/Website/CAU/Imagenes/Banesco-iconos latin/StylesheetIcon-2.css]
[www.banesconline.com/Mantis/WebSite/CAU/Imagenes/Banesco-iconos latin/fonts/banesco-iconos-3.eot]
[www.banesconline.com/Mantis/WebSite/CAU/Imagenes/Banesco-iconos latin/fonts/banesco-iconosd41d-3.eot]
[www.banesconline.com/Mantis/WebSite/CAU/Imagenes/Banesco-iconos latin/fonts/banesco-iconos-3.woff]
[www.banesconline.com/Mantis/WebSite/CAU/Imagenes/Banesco-iconos latin/fonts/banesco-iconos-3.ttf]
[www.banesconline.com/Mantis/WebSite/CAU/Imagenes/Banesco-iconos latin/fonts/banesco-iconos-3.svg]
[www.banesconline.com/Mantis/WebSite/CAU/Imagenes/Banesco-iconos latin/StylesheetIcon-3.css]
[www.banesconline.com/Mantis/WebSite/CAU/Imagenes/generales/img_triangulo-up-2.gif]
[www.banesconline.com/Mantis/WebSite/CAU/Imagenes/generales/img_triangulo-down-2.gif]
[www.banesconline.com/Mantis/WebSite/CAU/Imagenes/generales/cudrado-azul-2.gif]
[www.banesconline.com/Mantis/WebSite/CAU/Imagenes/generales/cudrado-blanco-2.gif]
[www.banesconline.com/Mantis/WebSite/CAU/Imagenes/generales/bulet-2.gif]
[www.banesconline.com/Mantis/WebSite/CAU/Imagenes/generales/interrogacion_up-2.gif]
[www.banesconline.com/Mantis/WebSite/CAU/Imagenes/generales/interrogacion1.1-2.gif]
[www.banesconline.com/Mantis/WebSite/CAU/Imagenes/generales/visible-2.png]
[www.banesconline.com/Mantis/WebSite/CAU/Imagenes/generales/visible-1.png]
[www.banesconline.com/Mantis/WebSite/CAU/imagenes/generales/icono_vineta_roja-2.gif]
[www.banesconline.com/Mantis/WebSite/CAU/Includes/estilos-2.css]
[www.banesconline.com/Mantis/WebSite/CAU/Includes/sweet/sweetalert2-2.css]
[www.banesconline.com/Mantis/WebSite/CAU/imagenes/generales/img_right-3.gif]
[www.banesconline.com/Mantis/WebSite/CAU/Includes/style01mantis-2.css]
[www.banesconline.com/Mantis/WebSite/CAU/Includes/style_menu01mantis-2.css]
[www.banesconline.com/Mantis/WebSite/CAU/Afiliacion/Contratobe24-2.html]
[www.banesconline.com/Mantis/WebSite/CAU/Ayudas/usuario_banesconline-2.html]
[www.banesconline.com/Mantis/WebSite/CAU/includes/style01sif-2.css]
[www.banesconline.com/Mantis/WebSite/CAU/Imagenes/Generales/img_right-4.gif]
[www.banesconline.com/Mantis/WebSite/CAU/OlvidoUsrCla/AU_SelOlvbe24-2.html]
[www.banesconline.com/mantis/Website/CAU/imagen/general/backg_tit_verde.html]
[www.banesconline.com/mantis/Website/CAU/imagen/general/backg_tit_amarillo.html]
[www.banesconline.com/mantis/Website/CAU/imagen/general/backg_tit_violeta.html]
[www.banesconline.com/mantis/Website/CAU/imagen/general/flecha_amarilla.html]
[www.banesconline.com/mantis/Website/CAU/imagen/general/vineta_amarilla.html]
[www.banesconline.com/mantis/Website/CAU/imagen/general/backg_tit_azul.html]
[www.banesconline.com/mantis/Website/CAU/imagen/general/curva_violeta.html]
[www.banesconline.com/mantis/Website/CAU/imagen/general/bullet_banca_privada.html]
[www.banesconline.com/mantis/Website/CAU/Imagenes/Banesco-iconos latin/fonts/banesco-iconos.svg]
[www.banesconline.com/mantis/Website/CAU/imagenes/flechita.gif]
[www.banesconline.com/mantis/Website/CAU/Afiliacion/Contrato_mantiseb78.html]
[www.banesconline.com/mantis/Website/CAU/Includes/style.css]
[www.banesconline.com/mantis/Website/CAU/Images/arrowmenu.png]
[www.banesconline.com/mantis/Website/CAU/Images/arrowExpanded.png]
[www.banesconline.com/mantis/Website/CAU/includes/style01sif.css]
[www.banesconline.com/Mantis/Website/CAU/imagen/general/backg_tit_verde-2.html]
[www.banesconline.com/Mantis/Website/CAU/imagen/general/backg_tit_amarillo-2.html]
[www.banesconline.com/Mantis/Website/CAU/imagen/general/backg_tit_violeta-2.html]
[www.banesconline.com/Mantis/Website/CAU/imagen/general/flecha_amarilla-2.html]
[www.banesconline.com/Mantis/Website/CAU/imagen/general/vineta_amarilla-2.html]
[www.banesconline.com/Mantis/Website/CAU/imagen/general/backg_tit_azul-2.html]
[www.banesconline.com/Mantis/Website/CAU/imagen/general/curva_violeta-2.html]
[www.banesconline.com/Mantis/Website/CAU/imagen/general/bullet_banca_privada-2.html]
[www.banesconline.com/Mantis/Website/CAU/Imagenes/Banesco-iconos latin/fonts/banesco-iconos-2.svg]
[www.banesconline.com/Mantis/WebSite/CAU/Imagenes/Banesco-iconos latin/fonts/banesco-iconos-3.svg]
[www.banesconline.com/Mantis/WebSite/CAU/imagenes/flechita-2.gif]
[www.banesconline.com/Mantis/WebSite/CAU/Afiliacion/Contrato_mantiseb78-2.html]
[www.banesconline.com/Mantis/WebSite/CAU/Imagenes/vineta_amarilla-3.gif]
[www.banesconline.com/Mantis/WebSite/CAU/Imagenes/backg_tit_verde_ayuda-3.gif]
[www.banesconline.com/Mantis/WebSite/CAU/Includes/eestilos-3.css]
[www.banesconline.com/Mantis/WebSite/CAU/Includes/style-2.css]
[www.banesconline.com/Mantis/WebSite/CAU/Images/arrowmenu-2.png]
[www.banesconline.com/Mantis/WebSite/CAU/Images/arrowExpanded-2.png]
[www.banesconline.com/Mantis/WebSite/CAU/includes/style01sif-2.css]
[www.banesconline.com/mantis/Website/CAU/imagenes/CVC_TDD.gif]
[www.banesconline.com/mantis/Website/CAU/Afiliacion/AU_ValInseb78.html]
[www.banesconline.com/Mantis/WebSite/CAU/imagenes/CVC_TDD-2.gif]
[www.banesconline.com/Mantis/WebSite/CAU/Afiliacion/AU_ValInseb78-2.html]
[www.banesconline.com/Mantis/WebSite/CAU/imagen/general/backg_tit_verde-3.html]
[www.banesconline.com/Mantis/WebSite/CAU/imagen/general/backg_tit_amarillo-3.html]
[www.banesconline.com/Mantis/WebSite/CAU/imagen/general/backg_tit_violeta-3.html]
[www.banesconline.com/Mantis/WebSite/CAU/imagen/general/flecha_amarilla-3.html]
[www.banesconline.com/Mantis/WebSite/CAU/imagen/general/vineta_amarilla-3.html]
[www.banesconline.com/Mantis/WebSite/CAU/imagen/general/backg_tit_azul-3.html]
[www.banesconline.com/Mantis/WebSite/CAU/imagen/general/curva_violeta-3.html]
[www.banesconline.com/Mantis/WebSite/CAU/imagen/general/bullet_banca_privada-3.html]
